../Drivers/CMSIS/Include/core_cm4.h:2064:26:ITM_SendChar	4
../Core/Src/main.c:79:5:main	2
../Core/Src/main.c:148:6:SystemClock_Config	4
../Core/Src/main.c:199:13:MX_ADC1_Init	3
../Core/Src/main.c:248:13:MX_TIM1_Init	10
../Core/Src/main.c:331:13:MX_TIM8_Init	8
../Core/Src/main.c:406:13:MX_USART2_UART_Init	2
../Core/Src/main.c:435:13:MX_DMA_Init	1
../Core/Src/main.c:452:13:MX_GPIO_Init	1
../Core/Src/main.c:502:5:__io_putchar	1
../Core/Src/main.c:508:6:HAL_TIMEx_BreakCallback	3
../Core/Src/main.c:519:6:Error_Handler	1
