../Drivers/CMSIS/Include/core_cm4.h:2064:26:ITM_SendChar	16	static,ignoring_inline_asm
../Core/Src/main.c:79:5:main	16	static
../Core/Src/main.c:144:6:SystemClock_Config	88	static
../Core/Src/main.c:199:13:MX_ADC1_Init	24	static
../Core/Src/main.c:251:13:MX_TIM1_Init	96	static
../Core/Src/main.c:338:13:MX_TIM8_Init	96	static
../Core/Src/main.c:417:13:MX_USART2_UART_Init	8	static
../Core/Src/main.c:448:13:MX_DMA_Init	16	static
../Core/Src/main.c:466:13:MX_GPIO_Init	48	static
../Core/Src/main.c:517:5:__io_putchar	16	static
../Core/Src/main.c:523:6:HAL_TIMEx_BreakCallback	16	static
../Core/Src/main.c:534:6:Error_Handler	4	static,ignoring_inline_asm
